Microchip MPLAB XC8 Compiler V1.36 ()

Linker command line:

-W-3 --edf=/opt/microchip/xc8/v1.36/dat/en_msgs.txt -cs \
  -h+dist/default/production/pic16lf1938.production.sym \
  --cmf=dist/default/production/pic16lf1938.production.cmf -z -Q16LF1938 \
  -o/tmp/xcXd4k25S -Mdist/default/production/pic16lf1938.production.map -E1 \
  -ver=XC8 -ASTACK=02112h-02388h -pstack=STACK -ACODE=00h-07FFhx8 \
  -ASTRCODE=00h-03FFFh -ASTRING=00h-0FFhx64 -ACONST=00h-0FFhx64 \
  -AENTRY=00h-0FFhx64 -ACOMMON=070h-07Fh -ABANK0=020h-06Fh \
  -ABANK1=0A0h-0EFh -ABANK2=0120h-016Fh -ABANK3=01A0h-01EFh \
  -ABANK4=0220h-026Fh -ABANK5=02A0h-02EFh -ABANK6=0320h-036Fh \
  -ABANK7=03A0h-03EFh -ABANK8=0420h-046Fh -ABANK9=04A0h-04EFh \
  -ABANK10=0520h-056Fh -ABANK11=05A0h-05EFh -ABANK12=0620h-064Fh \
  -ABIGRAM=02000h-023EFh \
  -ARAM=020h-06Fh,0A0h-0EFh,0120h-016Fh,01A0h-01EFh,0220h-026Fh,02A0h-02EFh,0320h-036Fh,03A0h-03EFh,0420h-046Fh,04A0h-04EFh,0520h-056Fh,05A0h-05EFh,0620h-064Fh \
  -AABS1=020h-07Fh,0A0h-0EFh,0120h-016Fh,01A0h-01EFh,0220h-026Fh,02A0h-02EFh,0320h-036Fh,03A0h-03EFh,0420h-046Fh,04A0h-04EFh,0520h-056Fh,05A0h-05EFh,0620h-064Fh \
  -ASFR0=00h-01Fh -ASFR1=080h-09Fh -ASFR2=0100h-011Fh -ASFR3=0180h-019Fh \
  -ASFR4=0200h-021Fh -ASFR5=0280h-029Fh -ASFR6=0300h-031Fh \
  -ASFR7=0380h-039Fh -ASFR8=0400h-041Fh -ASFR9=0480h-049Fh \
  -ASFR10=0500h-051Fh -ASFR11=0580h-059Fh -ASFR12=0600h-061Fh \
  -ASFR13=0680h-06EFh -ASFR14=0700h-076Fh -ASFR15=0780h-07EFh \
  -ASFR16=0800h-086Fh -ASFR17=0880h-08EFh -ASFR18=0900h-096Fh \
  -ASFR19=0980h-09EFh -ASFR20=0A00h-0A6Fh -ASFR21=0A80h-0AEFh \
  -ASFR22=0B00h-0B6Fh -ASFR23=0B80h-0BEFh -ASFR24=0C00h-0C6Fh \
  -ASFR25=0C80h-0CEFh -ASFR26=0D00h-0D6Fh -ASFR27=0D80h-0DEFh \
  -ASFR28=0E00h-0E6Fh -ASFR29=0E80h-0EEFh -ASFR30=0F00h-0F6Fh \
  -ASFR31=0F80h-0FEFh -preset_vec=00h,intentry=04h,init,end_init \
  -ppowerup=CODE -pcinit=CODE -pfunctab=CODE -ACONFIG=08007h-08008h \
  -pconfig=CONFIG -DCONFIG=2 -AIDLOC=08000h-08003h -pidloc=IDLOC -DIDLOC=2 \
  -AEEDATA=00h-0FFh/0F000h -peeprom_data=EEDATA -DEEDATA=2 -DCODE=2 \
  -DSTRCODE=2 -DSTRING=2 -DCONST=2 -DENTRY=2 -k /tmp/xcXct1tTm.obj \
  dist/default/production/pic16lf1938.production.obj 

Object code version is 3.11

Machine type is 16LF1938



                Name                               Link     Load   Length Selector   Space Scale
/tmp/xcXct1tTm.obj
                end_init                             3C       3C        2        8       0
                reset_vec                             0        0        2        0       0
                config                             8007     8007        2    1000E       0
dist/default/production/pic16lf1938.production.obj
                cinit                                3E       3E       44        8       0
                intentry                              4        4       38        8       0
                text67                              A1A      A1A       1A     1434       0
                text66                              EF8      EF8       56     1DF0       0
                text65                              F4E      F4E       57     1E9C       0
                text64                              934      934       13     1268       0
                text63                              A34      A34       1C     1468       0
                text62                              EA5      EA5       53     1D4A       0
                text61                              FA5      FA5       5B     1F4A       0
                text60                              95A      95A       14     12B4       0
                text59                              876      876        7     10EC       0
                text58                              96E      96E       14     12DC       0
                text57                              982      982       14     1304       0
                text56                              922      922       12     1244       0
                text55                              9EA      9EA       17     13D4       0
                text54                              996      996       15     132C       0
                text53                              9AB      9AB       15     1356       0
                text52                              C2E      C2E       30     185C       0
                text51                                3        3        1        6       0
                text50                              901      901       10     1202       0
                text49                              A6D      A6D       1E     14DA       0
                text48                              B2F      B2F       24     165E       0
                text47                              D02      D02       3D     1A04       0
                text46                              85E      85E        6     10BC       0
                text45                              CC8      CC8       3A     1990       0
                text44                              A8B      A8B       1E     1516       0
                text43                              D3F      D3F       40     1A7E       0
                text42                              87D      87D        9     10FA       0
                text41                              852      852        4     10A4       0
                text40                              9C0      9C0       15     1380       0
                text39                              864      864        6     10C8       0
                text38                              C00      C00       2E     1800       0
                text37                              8B8      8B8        B     1170       0
                text36                              856      856        4     10AC       0
                text35                              886      886        A     110C       0
                text34                              85A      85A        4     10B4       0
                text33                              B53      B53       29     16A6       0
                text32                              890      890        A     1120       0
                text31                              89A      89A        A     1134       0
                text30                              AC9      AC9       21     1592       0
                text29                              8A4      8A4        A     1148       0
                text28                              86A      86A        6     10D4       0
                text27                              8C3      8C3        C     1186       0
                text26                              8AE      8AE        A     115C       0
                text25                              AA9      AA9       20     1552       0
                text24                              3FE      3FE       ED      5EE       0
                text23                              8E7      8E7        D     11CE       0
                text22                              A01      A01       19     1402       0
                text21                              947      947       13     128E       0
                text20                              B0C      B0C       23     1618       0
                text19                              DC5      DC5       48     1B8A       0
                text18                              C5E      C5E       35     18BC       0
                text17                              7BE      7BE       42      5EE       0
                text16                              BA6      BA6       2D     174C       0
                text15                              2F7      2F7      107      5EE       0
                text14                              870      870        6     10E0       0
                text13                              63E      63E       84      5EE       0
                text12                              A50      A50       1D     14A0       0
                text11                              B7C      B7C       2A     16F8       0
                text10                              C93      C93       35     1926       0
                text9                               BD3      BD3       2D     17A6       0
                text8                               4EB      4EB       CE      5EE       0
                text7                               5B9      5B9       85      5EE       0
                text6                               911      911       11     1222       0
                text5                               744      744       7A      5EE       0
                text4                               84F      84F        3     109E       0
                text3                               9D5      9D5       15     13AA       0
                text2                               E57      E57       4E     1CAE       0
                text1                               D7F      D7F       46     1AFE       0
                maintext                            6C2      6C2       82      5EE       0
                cstackBANK0                          20       20       50       20       1
                cstackCOMMON                         70       70        A       70       1
                cstackBANK1                          D1       D1       12       A0       1
                cstackBANK2                         16A      16A        1      120       1
                inittext                            8CF      8CF        C     119E       0
                clrtext                             8DB      8DB        C     11B6       0
                dataBANK3                           1A0      1A0       22      1A0       1
                dataBANK2                           120      120       4A      120       1
                dataBANK1                            E3       E3        D       A0       1
                bssBANK1                             A0       A0       31       A0       1
                bssCOMMON                            7A       7A        1       70       1
                stringtext                           82       82      275      104       0
                idataBANK3                          AEA      AEA       22     15D4       0
                idataBANK2                          E0D      E0D       4A     1C1A       0
                idataBANK1                          8F4      8F4        D     11E8       0

TOTAL           Name                               Link     Load   Length     Space
        CLASS   STACK          

        CLASS   CODE           
                end_init                             3C       3C        2         0
                cinit                                3E       3E       44         0
                intentry                              4        4       38         0
                reset_vec                             0        0        2         0
                text67                              A1A      A1A       1A         0
                text66                              EF8      EF8       56         0
                text65                              F4E      F4E       57         0
                text64                              934      934       13         0
                text63                              A34      A34       1C         0
                text62                              EA5      EA5       53         0
                text61                              FA5      FA5       5B         0
                text60                              95A      95A       14         0
                text59                              876      876        7         0
                text58                              96E      96E       14         0
                text57                              982      982       14         0
                text56                              922      922       12         0
                text55                              9EA      9EA       17         0
                text54                              996      996       15         0
                text53                              9AB      9AB       15         0
                text52                              C2E      C2E       30         0
                text51                                3        3        1         0
                text50                              901      901       10         0
                text49                              A6D      A6D       1E         0
                text48                              B2F      B2F       24         0
                text47                              D02      D02       3D         0
                text46                              85E      85E        6         0
                text45                              CC8      CC8       3A         0
                text44                              A8B      A8B       1E         0
                text43                              D3F      D3F       40         0
                text42                              87D      87D        9         0
                text41                              852      852        4         0
                text40                              9C0      9C0       15         0
                text39                              864      864        6         0
                text38                              C00      C00       2E         0
                text37                              8B8      8B8        B         0
                text36                              856      856        4         0
                text35                              886      886        A         0
                text34                              85A      85A        4         0
                text33                              B53      B53       29         0
                text32                              890      890        A         0
                text31                              89A      89A        A         0
                text30                              AC9      AC9       21         0
                text29                              8A4      8A4        A         0
                text28                              86A      86A        6         0
                text27                              8C3      8C3        C         0
                text26                              8AE      8AE        A         0
                text25                              AA9      AA9       20         0
                text24                              3FE      3FE       ED         0
                text23                              8E7      8E7        D         0
                text22                              A01      A01       19         0
                text21                              947      947       13         0
                text20                              B0C      B0C       23         0
                text19                              DC5      DC5       48         0
                text18                              C5E      C5E       35         0
                text17                              7BE      7BE       42         0
                text16                              BA6      BA6       2D         0
                text15                              2F7      2F7      107         0
                text14                              870      870        6         0
                text13                              63E      63E       84         0
                text12                              A50      A50       1D         0
                text11                              B7C      B7C       2A         0
                text10                              C93      C93       35         0
                text9                               BD3      BD3       2D         0
                text8                               4EB      4EB       CE         0
                text7                               5B9      5B9       85         0
                text6                               911      911       11         0
                text5                               744      744       7A         0
                text4                               84F      84F        3         0
                text3                               9D5      9D5       15         0
                text2                               E57      E57       4E         0
                text1                               D7F      D7F       46         0
                maintext                            6C2      6C2       82         0
                inittext                            8CF      8CF        C         0
                clrtext                             8DB      8DB        C         0
                idataBANK3                          AEA      AEA       22         0
                idataBANK2                          E0D      E0D       4A         0
                idataBANK1                          8F4      8F4        D         0

        CLASS   STRCODE        
                stringtext                           82       82      275         0

        CLASS   STRING         

        CLASS   CONST          

        CLASS   ENTRY          

        CLASS   COMMON         
                cstackCOMMON                         70       70        A         1
                bssCOMMON                            7A       7A        1         1

        CLASS   BANK0          
                cstackBANK0                          20       20       50         1

        CLASS   BANK1          
                cstackBANK1                          D1       D1       12         1
                dataBANK1                            E3       E3        D         1
                bssBANK1                             A0       A0       31         1

        CLASS   BANK2          
                cstackBANK2                         16A      16A        1         1
                dataBANK2                           120      120       4A         1

        CLASS   BANK3          
                dataBANK3                           1A0      1A0       22         1

        CLASS   BANK4          

        CLASS   BANK5          

        CLASS   BANK6          

        CLASS   BANK7          

        CLASS   BANK8          

        CLASS   BANK9          

        CLASS   BANK10         

        CLASS   BANK11         

        CLASS   BANK12         

        CLASS   BIGRAM         

        CLASS   RAM            

        CLASS   ABS1           
                abs_s1                               7E       7E        2         1
                abs_s1                              5B9      5B9       37         1
                abs_s1                              620      620       30         1
                abs_s1                             2389     2389        0         1

        CLASS   SFR0           

        CLASS   SFR1           

        CLASS   SFR2           

        CLASS   SFR3           

        CLASS   SFR4           

        CLASS   SFR5           

        CLASS   SFR6           

        CLASS   SFR7           

        CLASS   SFR8           

        CLASS   SFR9           

        CLASS   SFR10          

        CLASS   SFR11          

        CLASS   SFR12          

        CLASS   SFR13          

        CLASS   SFR14          

        CLASS   SFR15          

        CLASS   SFR16          

        CLASS   SFR17          

        CLASS   SFR18          

        CLASS   SFR19          

        CLASS   SFR20          

        CLASS   SFR21          

        CLASS   SFR22          

        CLASS   SFR23          

        CLASS   SFR24          

        CLASS   SFR25          

        CLASS   SFR26          

        CLASS   SFR27          

        CLASS   SFR28          

        CLASS   SFR29          

        CLASS   SFR30          

        CLASS   SFR31          

        CLASS   CONFIG         
                config                             8007     8007        2         0

        CLASS   IDLOC          

        CLASS   EEDATA         

        CLASS   BANK31         

        CLASS   BANK30         

        CLASS   BANK29         

        CLASS   BANK28         

        CLASS   BANK27         

        CLASS   BANK26         

        CLASS   BANK25         

        CLASS   BANK24         

        CLASS   BANK23         

        CLASS   BANK22         

        CLASS   BANK21         

        CLASS   BANK20         

        CLASS   BANK19         

        CLASS   BANK18         

        CLASS   BANK17         

        CLASS   BANK16         

        CLASS   BANK15         

        CLASS   BANK14         

        CLASS   BANK13         



SEGMENTS        Name                           Load    Length   Top    Selector   Space  Class     Delta

                reset_vec                      000000  000002  000002         0       0  CODE        2
                text51                         000003  000001  000004         6       0  CODE        2
                intentry                       000004  00007E  000082         8       0  CODE        2
                cstackBANK0                    000020  000050  000070        20       1  BANK0       1
                cstackCOMMON                   000070  00000B  00007B        70       1  COMMON      1
                bssBANK1                       0000A0  000050  0000F0        A0       1  BANK1       1
                stringtext                     000082  000275  0002F7       104       0  STRCODE     2
                dataBANK2                      000120  00004B  00016B       120       1  BANK2       1
                dataBANK3                      0001A0  000022  0001C2       1A0       1  BANK3       1
                text15                         0002F7  000509  000800       5EE       0  CODE        2
                text4                          00084F  000003  000852      109E       0  CODE        2
                text41                         000852  000004  000856      10A4       0  CODE        2
                text36                         000856  000004  00085A      10AC       0  CODE        2
                text34                         00085A  000004  00085E      10B4       0  CODE        2
                text46                         00085E  000006  000864      10BC       0  CODE        2
                text39                         000864  000006  00086A      10C8       0  CODE        2
                text28                         00086A  000006  000870      10D4       0  CODE        2
                text14                         000870  000006  000876      10E0       0  CODE        2
                text59                         000876  000007  00087D      10EC       0  CODE        2
                text42                         00087D  000009  000886      10FA       0  CODE        2
                text35                         000886  00000A  000890      110C       0  CODE        2
                text32                         000890  00000A  00089A      1120       0  CODE        2
                text31                         00089A  00000A  0008A4      1134       0  CODE        2
                text29                         0008A4  00000A  0008AE      1148       0  CODE        2
                text26                         0008AE  00000A  0008B8      115C       0  CODE        2
                text37                         0008B8  00000B  0008C3      1170       0  CODE        2
                text27                         0008C3  00000C  0008CF      1186       0  CODE        2
                inittext                       0008CF  00000C  0008DB      119E       0  CODE        2
                clrtext                        0008DB  00000C  0008E7      11B6       0  CODE        2
                text23                         0008E7  00000D  0008F4      11CE       0  CODE        2
                idataBANK1                     0008F4  00000D  000901      11E8       0  CODE        2
                text50                         000901  000010  000911      1202       0  CODE        2
                text6                          000911  000011  000922      1222       0  CODE        2
                text56                         000922  000012  000934      1244       0  CODE        2
                text64                         000934  000013  000947      1268       0  CODE        2
                text21                         000947  000013  00095A      128E       0  CODE        2
                text60                         00095A  000014  00096E      12B4       0  CODE        2
                text58                         00096E  000014  000982      12DC       0  CODE        2
                text57                         000982  000014  000996      1304       0  CODE        2
                text54                         000996  000015  0009AB      132C       0  CODE        2
                text53                         0009AB  000015  0009C0      1356       0  CODE        2
                text40                         0009C0  000015  0009D5      1380       0  CODE        2
                text3                          0009D5  000015  0009EA      13AA       0  CODE        2
                text55                         0009EA  000017  000A01      13D4       0  CODE        2
                text22                         000A01  000019  000A1A      1402       0  CODE        2
                text67                         000A1A  00001A  000A34      1434       0  CODE        2
                text63                         000A34  00001C  000A50      1468       0  CODE        2
                text12                         000A50  00001D  000A6D      14A0       0  CODE        2
                text49                         000A6D  00001E  000A8B      14DA       0  CODE        2
                text44                         000A8B  00001E  000AA9      1516       0  CODE        2
                text25                         000AA9  000020  000AC9      1552       0  CODE        2
                text30                         000AC9  000021  000AEA      1592       0  CODE        2
                idataBANK3                     000AEA  000022  000B0C      15D4       0  CODE        2
                text20                         000B0C  000023  000B2F      1618       0  CODE        2
                text48                         000B2F  000024  000B53      165E       0  CODE        2
                text33                         000B53  000029  000B7C      16A6       0  CODE        2
                text11                         000B7C  00002A  000BA6      16F8       0  CODE        2
                text16                         000BA6  00002D  000BD3      174C       0  CODE        2
                text9                          000BD3  00002D  000C00      17A6       0  CODE        2
                text38                         000C00  00002E  000C2E      1800       0  CODE        2
                text52                         000C2E  000030  000C5E      185C       0  CODE        2
                text18                         000C5E  000035  000C93      18BC       0  CODE        2
                text10                         000C93  000035  000CC8      1926       0  CODE        2
                text45                         000CC8  00003A  000D02      1990       0  CODE        2
                text47                         000D02  00003D  000D3F      1A04       0  CODE        2
                text43                         000D3F  000040  000D7F      1A7E       0  CODE        2
                text1                          000D7F  000046  000DC5      1AFE       0  CODE        2
                text19                         000DC5  000048  000E0D      1B8A       0  CODE        2
                idataBANK2                     000E0D  00004A  000E57      1C1A       0  CODE        2
                text2                          000E57  00004E  000EA5      1CAE       0  CODE        2
                text62                         000EA5  000053  000EF8      1D4A       0  CODE        2
                text66                         000EF8  000056  000F4E      1DF0       0  CODE        2
                text65                         000F4E  000057  000FA5      1E9C       0  CODE        2
                text61                         000FA5  00005B  001000      1F4A       0  CODE        2
                config                         008007  000002  008009     1000E       0  CONFIG      2


UNUSED ADDRESS RANGES

        Name                Unused          Largest block    Delta
        BANK10           00520-0056F              50           1
        BANK11           005A0-005B8              19           1
        BANK2            0016B-0016F               5           1
        BANK3            001C2-001EF              2E           1
        BANK4            00220-0026F              50           1
        BANK5            002A0-002EF              50           1
        BANK6            00320-0036F              50           1
        BANK7            003A0-003EF              50           1
        BANK8            00420-0046F              50           1
        BANK9            004A0-004EF              50           1
        BIGRAM           02000-023EF             3F0           1
        CODE             00002-00002               1           2
                         00800-0084E              4F
                         01000-03FFF             800
        COMMON           0007B-0007D               3           1
        CONST            00002-00002               1           2
                         00800-0084E              4F
                         01000-03FFF             100
        EEDATA           0F000-0F0FF             100           2
        ENTRY            00002-00002               1           2
                         00800-0084E              4F
                         01000-03FFF             100
        IDLOC            08000-08003               4           2
        RAM              0016B-0016F               5           1
                         001C2-001EF              2E
                         00220-0026F              50
                         002A0-002EF              50
                         00320-0036F              50
                         003A0-003EF              50
                         00420-0046F              50
                         004A0-004EF              50
                         00520-0056F              50
                         005A0-005B8              19
        SFR0             00000-0001F              20           1
        SFR1             00080-0009F              20           1
        SFR10            00500-0051F              20           1
        SFR11            00580-0059F              20           1
        SFR12            00600-0061F              20           1
        SFR13            00680-006EF              70           1
        SFR14            00700-0076F              70           1
        SFR15            00780-007EF              70           1
        SFR16            00800-0086F              70           1
        SFR17            00880-008EF              70           1
        SFR18            00900-0096F              70           1
        SFR19            00980-009EF              70           1
        SFR2             00100-0011F              20           1
        SFR20            00A00-00A6F              70           1
        SFR21            00A80-00AEF              70           1
        SFR22            00B00-00B6F              70           1
        SFR23            00B80-00BEF              70           1
        SFR24            00C00-00C6F              70           1
        SFR25            00C80-00CEF              70           1
        SFR26            00D00-00D6F              70           1
        SFR27            00D80-00DEF              70           1
        SFR28            00E00-00E6F              70           1
        SFR29            00E80-00EEF              70           1
        SFR3             00180-0019F              20           1
        SFR30            00F00-00F6F              70           1
        SFR31            00F80-00FEF              70           1
        SFR4             00200-0021F              20           1
        SFR5             00280-0029F              20           1
        SFR6             00300-0031F              20           1
        SFR7             00380-0039F              20           1
        SFR8             00400-0041F              20           1
        SFR9             00480-0049F              20           1
        STACK            02112-02388             277           1
        STRCODE          00002-00002               1           2
                         00800-0084E              4F
                         01000-03FFF            3000
        STRING           00002-00002               1           2
                         00800-0084E              4F
                         01000-03FFF             100

                                  Symbol Table

?___lwdiv                                     cstackCOMMON 00073
?___lwmod                                     cstackBANK0  00023
?_sprintf                                     cstackBANK0  00027
_ACKDT                                        (abs)        010B5
_ACKEN                                        (abs)        010B4
_ACKSTAT                                      (abs)        010B6
_ANSELA                                       (abs)        0018C
_BRG16                                        (abs)        00CFB
_BRGH                                         (abs)        00CF2
_CCP1CON                                      (abs)        00293
_CCP2CON                                      (abs)        0029A
_CCPR1L                                       (abs)        00291
_CCPR2L                                       (abs)        00298
_CM1CON0                                      (abs)        00111
_CM1CON1                                      (abs)        00112
_CREN                                         (abs)        00CEC
_FVRCON                                       (abs)        00117
_FVRRDY                                       (abs)        008BE
_GIE                                          (abs)        0005F
_GpsMinimum                                   bssBANK1     000A0
_ISR                                          intentry     00004
_LATA                                         (abs)        0010C
_LATB                                         (abs)        0010D
_OSCCON                                       (abs)        00099
_PEIE                                         (abs)        0005E
_PEN                                          (abs)        010B2
_PORTA                                        (abs)        0000C
_PORTB                                        (abs)        0000D
_PORTC                                        (abs)        0000E
_PR2                                          (abs)        0001B
_PS0                                          (abs)        004A8
_PS1                                          (abs)        004A9
_PS2                                          (abs)        004AA
_PSA                                          (abs)        004AB
_PicTime                                      bssBANK1     000C7
_RCEN                                         (abs)        010B3
_RCIE                                         (abs)        0048D
_RCIF                                         (abs)        0008D
_RCREG                                        (abs)        00199
_R_nW                                         (abs)        010A2
_SEN                                          (abs)        010B0
_SP1BRGL                                      (abs)        0019B
_SPEN                                         (abs)        00CEF
_SSPADD                                       (abs)        00212
_SSPBUF                                       (abs)        00211
_SSPCON1                                      (abs)        00215
_SSPSTAT                                      (abs)        00214
_SYNC                                         (abs)        00CF4
_T2CON                                        (abs)        0001C
_TMR0                                         (abs)        00015
_TMR0CS                                       (abs)        004AD
_TMR0IE                                       (abs)        0005D
_TMR0IF                                       (abs)        0005A
_TMR0SE                                       (abs)        004AC
_TMR2ON                                       (abs)        000E2
_TRISA                                        (abs)        0008C
_TRISB                                        (abs)        0008D
_TRISC                                        (abs)        0008E
_TRMT                                         (abs)        00CF1
_TXEN                                         (abs)        00CF5
_TXREG                                        (abs)        0019A
_UbxReceiver                                  (abs)        02389
_WDTCON                                       (abs)        00097
__CFG_BOREN$ON                                (abs)        00000
__CFG_BORV$LO                                 (abs)        00000
__CFG_CLKOUTEN$OFF                            (abs)        00000
__CFG_CP$OFF                                  (abs)        00000
__CFG_CPD$OFF                                 (abs)        00000
__CFG_FCMEN$ON                                (abs)        00000
__CFG_FOSC$ECH                                (abs)        00000
__CFG_IESO$ON                                 (abs)        00000
__CFG_LVP$ON                                  (abs)        00000
__CFG_MCLRE$ON                                (abs)        00000
__CFG_PLLEN$ON                                (abs)        00000
__CFG_PWRTE$OFF                               (abs)        00000
__CFG_STVREN$ON                               (abs)        00000
__CFG_WDTE$OFF                                (abs)        00000
__CFG_WRT$OFF                                 (abs)        00000
__Habs1                                       abs1         00000
__Hbank0                                      bank0        00000
__Hbank1                                      bank1        00000
__Hbank10                                     bank10       00000
__Hbank11                                     bank11       00000
__Hbank12                                     bank12       00000
__Hbank13                                     bank13       00000
__Hbank14                                     bank14       00000
__Hbank15                                     bank15       00000
__Hbank16                                     bank16       00000
__Hbank17                                     bank17       00000
__Hbank18                                     bank18       00000
__Hbank19                                     bank19       00000
__Hbank2                                      bank2        00000
__Hbank20                                     bank20       00000
__Hbank21                                     bank21       00000
__Hbank22                                     bank22       00000
__Hbank23                                     bank23       00000
__Hbank24                                     bank24       00000
__Hbank25                                     bank25       00000
__Hbank26                                     bank26       00000
__Hbank27                                     bank27       00000
__Hbank28                                     bank28       00000
__Hbank29                                     bank29       00000
__Hbank3                                      bank3        00000
__Hbank30                                     bank30       00000
__Hbank31                                     bank31       00000
__Hbank4                                      bank4        00000
__Hbank5                                      bank5        00000
__Hbank6                                      bank6        00000
__Hbank7                                      bank7        00000
__Hbank8                                      bank8        00000
__Hbank9                                      bank9        00000
__Hbigram                                     bigram       00000
__HbssBANK1                                   bssBANK1     00000
__HbssCOMMON                                  bssCOMMON    00000
__Hcinit                                      cinit        00082
__Hclrtext                                    clrtext      00000
__Hcode                                       code         00000
__Hcommon                                     common       00000
__Hconfig                                     config       08009
__HcstackBANK0                                cstackBANK0  00000
__HcstackBANK1                                cstackBANK1  00000
__HcstackBANK2                                cstackBANK2  00000
__HcstackCOMMON                               cstackCOMMON 00000
__HdataBANK1                                  dataBANK1    00000
__HdataBANK2                                  dataBANK2    00000
__HdataBANK3                                  dataBANK3    00000
__Heeprom_data                                eeprom_data  00000
__Hend_init                                   end_init     0003E
__Hfunctab                                    functab      00000
__HidataBANK1                                 idataBANK1   00000
__HidataBANK2                                 idataBANK2   00000
__HidataBANK3                                 idataBANK3   00000
__Hidloc                                      idloc        00000
__Hinit                                       init         0003C
__Hinittext                                   inittext     00000
__Hintentry                                   intentry     0003C
__Hmaintext                                   maintext     00000
__Hpowerup                                    powerup      00000
__Hram                                        ram          00000
__Hreset_vec                                  reset_vec    00002
__Hsfr0                                       sfr0         00000
__Hsfr1                                       sfr1         00000
__Hsfr10                                      sfr10        00000
__Hsfr11                                      sfr11        00000
__Hsfr12                                      sfr12        00000
__Hsfr13                                      sfr13        00000
__Hsfr14                                      sfr14        00000
__Hsfr15                                      sfr15        00000
__Hsfr16                                      sfr16        00000
__Hsfr17                                      sfr17        00000
__Hsfr18                                      sfr18        00000
__Hsfr19                                      sfr19        00000
__Hsfr2                                       sfr2         00000
__Hsfr20                                      sfr20        00000
__Hsfr21                                      sfr21        00000
__Hsfr22                                      sfr22        00000
__Hsfr23                                      sfr23        00000
__Hsfr24                                      sfr24        00000
__Hsfr25                                      sfr25        00000
__Hsfr26                                      sfr26        00000
__Hsfr27                                      sfr27        00000
__Hsfr28                                      sfr28        00000
__Hsfr29                                      sfr29        00000
__Hsfr3                                       sfr3         00000
__Hsfr30                                      sfr30        00000
__Hsfr31                                      sfr31        00000
__Hsfr4                                       sfr4         00000
__Hsfr5                                       sfr5         00000
__Hsfr6                                       sfr6         00000
__Hsfr7                                       sfr7         00000
__Hsfr8                                       sfr8         00000
__Hsfr9                                       sfr9         00000
__Hspace_0                                    (abs)        08009
__Hspace_1                                    (abs)        001C2
__Hspace_2                                    (abs)        00000
__Hspace_3                                    (abs)        00000
__Hstack                                      stack        00000
__Hstrings                                    strings      00000
__Hstringtext                                 stringtext   00000
__Htext                                       text         00000
__Labs1                                       abs1         00000
__Lbank0                                      bank0        00000
__Lbank1                                      bank1        00000
__Lbank10                                     bank10       00000
__Lbank11                                     bank11       00000
__Lbank12                                     bank12       00000
__Lbank13                                     bank13       00000
__Lbank14                                     bank14       00000
__Lbank15                                     bank15       00000
__Lbank16                                     bank16       00000
__Lbank17                                     bank17       00000
__Lbank18                                     bank18       00000
__Lbank19                                     bank19       00000
__Lbank2                                      bank2        00000
__Lbank20                                     bank20       00000
__Lbank21                                     bank21       00000
__Lbank22                                     bank22       00000
__Lbank23                                     bank23       00000
__Lbank24                                     bank24       00000
__Lbank25                                     bank25       00000
__Lbank26                                     bank26       00000
__Lbank27                                     bank27       00000
__Lbank28                                     bank28       00000
__Lbank29                                     bank29       00000
__Lbank3                                      bank3        00000
__Lbank30                                     bank30       00000
__Lbank31                                     bank31       00000
__Lbank4                                      bank4        00000
__Lbank5                                      bank5        00000
__Lbank6                                      bank6        00000
__Lbank7                                      bank7        00000
__Lbank8                                      bank8        00000
__Lbank9                                      bank9        00000
__Lbigram                                     bigram       00000
__LbssBANK1                                   bssBANK1     00000
__LbssCOMMON                                  bssCOMMON    00000
__Lcinit                                      cinit        0003E
__Lclrtext                                    clrtext      00000
__Lcode                                       code         00000
__Lcommon                                     common       00000
__Lconfig                                     config       08007
__LcstackBANK0                                cstackBANK0  00000
__LcstackBANK1                                cstackBANK1  00000
__LcstackBANK2                                cstackBANK2  00000
__LcstackCOMMON                               cstackCOMMON 00000
__LdataBANK1                                  dataBANK1    00000
__LdataBANK2                                  dataBANK2    00000
__LdataBANK3                                  dataBANK3    00000
__Leeprom_data                                eeprom_data  00000
__Lend_init                                   end_init     0003C
__Lfunctab                                    functab      00000
__LidataBANK1                                 idataBANK1   00000
__LidataBANK2                                 idataBANK2   00000
__LidataBANK3                                 idataBANK3   00000
__Lidloc                                      idloc        00000
__Linit                                       init         0003C
__Linittext                                   inittext     00000
__Lintentry                                   intentry     00004
__Lmaintext                                   maintext     00000
__Lpowerup                                    powerup      00000
__Lram                                        ram          00000
__Lreset_vec                                  reset_vec    00000
__Lsfr0                                       sfr0         00000
__Lsfr1                                       sfr1         00000
__Lsfr10                                      sfr10        00000
__Lsfr11                                      sfr11        00000
__Lsfr12                                      sfr12        00000
__Lsfr13                                      sfr13        00000
__Lsfr14                                      sfr14        00000
__Lsfr15                                      sfr15        00000
__Lsfr16                                      sfr16        00000
__Lsfr17                                      sfr17        00000
__Lsfr18                                      sfr18        00000
__Lsfr19                                      sfr19        00000
__Lsfr2                                       sfr2         00000
__Lsfr20                                      sfr20        00000
__Lsfr21                                      sfr21        00000
__Lsfr22                                      sfr22        00000
__Lsfr23                                      sfr23        00000
__Lsfr24                                      sfr24        00000
__Lsfr25                                      sfr25        00000
__Lsfr26                                      sfr26        00000
__Lsfr27                                      sfr27        00000
__Lsfr28                                      sfr28        00000
__Lsfr29                                      sfr29        00000
__Lsfr3                                       sfr3         00000
__Lsfr30                                      sfr30        00000
__Lsfr31                                      sfr31        00000
__Lsfr4                                       sfr4         00000
__Lsfr5                                       sfr5         00000
__Lsfr6                                       sfr6         00000
__Lsfr7                                       sfr7         00000
__Lsfr8                                       sfr8         00000
__Lsfr9                                       sfr9         00000
__Lspace_0                                    (abs)        00000
__Lspace_1                                    (abs)        00000
__Lspace_2                                    (abs)        00000
__Lspace_3                                    (abs)        00000
__Lstack                                      stack        00000
__Lstrings                                    strings      00000
__Lstringtext                                 stringtext   00000
__Ltext                                       text         00000
__S0                                          (abs)        08009
__S1                                          (abs)        001C2
__S2                                          (abs)        00000
__S3                                          (abs)        00000
___int_sp                                     stack        00000
___latbits                                    (abs)        00003
___lwdiv                                      text10       00C93
___lwdiv@counter                              cstackBANK0  00020
___lwdiv@dividend                             cstackCOMMON 00075
___lwdiv@divisor                              cstackCOMMON 00073
___lwdiv@quotient                             cstackBANK0  00021
___lwmod                                      text9        00BD3
___lwmod@counter                              cstackCOMMON 00079
___lwmod@dividend                             cstackBANK0  00025
___lwmod@divisor                              cstackBANK0  00023
___sp                                         stack        00000
__end_of_ISR                                  intentry     0003C
__end_of___lwdiv                              text10       00CC8
__end_of___lwmod                              text9        00C00
__end_of__initialization                      cinit        0007E
__end_of_adjusted_start                       text4        00852
__end_of_am1805_are_we_asleep                 text52       00C5E
__end_of_am1805_initiate_ctdn_sleep           text12       00A6D
__end_of_am1805_sleep_error                   text51       00004
__end_of_am1805_start_ctdn_tmr                text11       00BA6
__end_of_am1805_write_defaults                text48       00B53
__end_of_am1805_write_pgm_time                text47       00D3F
__end_of_am1805_write_to_addr                 text49       00A8B
__end_of_blink                                text50       00911
__end_of_cti_instruction_loop                 text5        007BE
__end_of_dpowers                              stringtext   0008C
__end_of_eeprom_page_write                    text45       00D02
__end_of_eeprom_seq_read                      text2        00EA5
__end_of_eeprom_single_read                   text38       00C2E
__end_of_eeprom_single_write                  text44       00AA9
__end_of_eeprom_write_defaults                text43       00D7F
__end_of_eeprom_write_gps_minimum             text24       004EB
__end_of_eeprom_write_nrf52_sig_byte          text35       00890
__end_of_error_blaster                        text62       00EF8
__end_of_eusart_init                          text32       0089A
__end_of_eval_ubx_buf_for_fix                 text23       008F4
__end_of_first_pwrup_calls                    text42       00886
__end_of_get_pvt_str                          text16       00BD3
__end_of_hard_lockup                          text61       01000
__end_of_hard_lockup_uart                     text65       00FA5
__end_of_have_3d_fix                          text18       00C93
__end_of_i2c_gen_read                         text60       0096E
__end_of_i2c_get_read_data                    text59       0087D
__end_of_i2c_init                             text31       008A4
__end_of_i2c_send_ack                         text3        009EA
__end_of_i2c_send_nack                        text40       009D5
__end_of_i2c_start                            text58       00982
__end_of_i2c_stop                             text57       00996
__end_of_i2c_wait_for_ack                     text56       00934
__end_of_i2c_write_data                       text55       00A01
__end_of_i3gnav                               text13       006C2
__end_of_idsn                                 text7        0063E
__end_of_is_nrfcomplete_high                  text34       0085E
__end_of_is_tc_high                           text41       00856
__end_of_is_this_the_first_pwrup              text37       008C3
__end_of_is_usb_plugged_in                    text36       0085A
__end_of_let_nrf_update_eeprom                text33       00B7C
__end_of_main                                 maintext     00744
__end_of_memset                               text22       00A1A
__end_of_pic_init                             text25       00AC9
__end_of_pwm_init                             text30       00AEA
__end_of_reset_instruction_ptr                text6        00922
__end_of_reset_ubx_struct                     text21       0095A
__end_of_send_am1805_read                     text54       009AB
__end_of_send_am1805_write                    text53       009C0
__end_of_send_eeprom_read                     text39       0086A
__end_of_send_eeprom_write                    text46       00864
__end_of_set_led_duty                         text66       00F4E
__end_of_setup_fvrc                           text29       008AE
__end_of_setup_interrupts                     text28       00870
__end_of_setup_io                             text27       008CF
__end_of_sleep_start                          text1        00DC5
__end_of_sort_pvt_data_into_gps_struct        text15       003FE
__end_of_sprintf                              text8        005B9
__end_of_strcpy                               text67       00A34
__end_of_timer0_init                          text26       008B8
__end_of_uart_write                           text64       00947
__end_of_uart_write_string                    text63       00A50
__end_of_ubx_send_and_recv                    text19       00E0D
__end_of_ubx_send_str                         text20       00B2F
__end_of_ubx_silence_nmea                     text17       00800
__end_of_update_gps_fix_data                  text14       00876
__initialization                              cinit        0003E
__pbssBANK1                                   bssBANK1     000A0
__pbssBIGRAM                                  (abs)        02389
__pbssCOMMON                                  bssCOMMON    0007A
__pcstackBANK0                                cstackBANK0  00020
__pcstackBANK1                                cstackBANK1  000D1
__pcstackBANK2                                cstackBANK2  0016A
__pcstackCOMMON                               cstackCOMMON 00070
__pdataBANK1                                  dataBANK1    000E3
__pdataBANK2                                  dataBANK2    00120
__pdataBANK3                                  dataBANK3    001A0
__pidataBANK1                                 idataBANK1   008F4
__pidataBANK2                                 idataBANK2   00E0D
__pidataBANK3                                 idataBANK3   00AEA
__pintentry                                   intentry     00004
__pmaintext                                   maintext     006C2
__pstringtext                                 stringtext   00082
__ptext1                                      text1        00D7F
__ptext10                                     text10       00C93
__ptext11                                     text11       00B7C
__ptext12                                     text12       00A50
__ptext13                                     text13       0063E
__ptext14                                     text14       00870
__ptext15                                     text15       002F7
__ptext16                                     text16       00BA6
__ptext17                                     text17       007BE
__ptext18                                     text18       00C5E
__ptext19                                     text19       00DC5
__ptext2                                      text2        00E57
__ptext20                                     text20       00B0C
__ptext21                                     text21       00947
__ptext22                                     text22       00A01
__ptext23                                     text23       008E7
__ptext24                                     text24       003FE
__ptext25                                     text25       00AA9
__ptext26                                     text26       008AE
__ptext27                                     text27       008C3
__ptext28                                     text28       0086A
__ptext29                                     text29       008A4
__ptext3                                      text3        009D5
__ptext30                                     text30       00AC9
__ptext31                                     text31       0089A
__ptext32                                     text32       00890
__ptext33                                     text33       00B53
__ptext34                                     text34       0085A
__ptext35                                     text35       00886
__ptext36                                     text36       00856
__ptext37                                     text37       008B8
__ptext38                                     text38       00C00
__ptext39                                     text39       00864
__ptext4                                      text4        0084F
__ptext40                                     text40       009C0
__ptext41                                     text41       00852
__ptext42                                     text42       0087D
__ptext43                                     text43       00D3F
__ptext44                                     text44       00A8B
__ptext45                                     text45       00CC8
__ptext46                                     text46       0085E
__ptext47                                     text47       00D02
__ptext48                                     text48       00B2F
__ptext49                                     text49       00A6D
__ptext5                                      text5        00744
__ptext50                                     text50       00901
__ptext51                                     text51       00003
__ptext52                                     text52       00C2E
__ptext53                                     text53       009AB
__ptext54                                     text54       00996
__ptext55                                     text55       009EA
__ptext56                                     text56       00922
__ptext57                                     text57       00982
__ptext58                                     text58       0096E
__ptext59                                     text59       00876
__ptext6                                      text6        00911
__ptext60                                     text60       0095A
__ptext61                                     text61       00FA5
__ptext62                                     text62       00EA5
__ptext63                                     text63       00A34
__ptext64                                     text64       00934
__ptext65                                     text65       00F4E
__ptext66                                     text66       00EF8
__ptext67                                     text67       00A1A
__ptext7                                      text7        005B9
__ptext8                                      text8        004EB
__ptext9                                      text9        00BD3
__size_of_ISR                                 (abs)        00000
__size_of___lwdiv                             (abs)        00000
__size_of___lwmod                             (abs)        00000
__size_of_adjusted_start                      (abs)        00000
__size_of_am1805_are_we_asleep                (abs)        00000
__size_of_am1805_initiate_ctdn_sleep          (abs)        00000
__size_of_am1805_sleep_error                  (abs)        00000
__size_of_am1805_start_ctdn_tmr               (abs)        00000
__size_of_am1805_write_defaults               (abs)        00000
__size_of_am1805_write_pgm_time               (abs)        00000
__size_of_am1805_write_to_addr                (abs)        00000
__size_of_blink                               (abs)        00000
__size_of_cti_instruction_loop                (abs)        00000
__size_of_eeprom_page_write                   (abs)        00000
__size_of_eeprom_seq_read                     (abs)        00000
__size_of_eeprom_single_read                  (abs)        00000
__size_of_eeprom_single_write                 (abs)        00000
__size_of_eeprom_write_defaults               (abs)        00000
__size_of_eeprom_write_gps_minimum            (abs)        00000
__size_of_eeprom_write_nrf52_sig_byte         (abs)        00000
__size_of_error_blaster                       (abs)        00000
__size_of_eusart_init                         (abs)        00000
__size_of_eval_ubx_buf_for_fix                (abs)        00000
__size_of_first_pwrup_calls                   (abs)        00000
__size_of_get_pvt_str                         (abs)        00000
__size_of_hard_lockup                         (abs)        00000
__size_of_hard_lockup_uart                    (abs)        00000
__size_of_have_3d_fix                         (abs)        00000
__size_of_i2c_gen_read                        (abs)        00000
__size_of_i2c_get_read_data                   (abs)        00000
__size_of_i2c_init                            (abs)        00000
__size_of_i2c_send_ack                        (abs)        00000
__size_of_i2c_send_nack                       (abs)        00000
__size_of_i2c_start                           (abs)        00000
__size_of_i2c_stop                            (abs)        00000
__size_of_i2c_wait_for_ack                    (abs)        00000
__size_of_i2c_write_data                      (abs)        00000
__size_of_i3gnav                              (abs)        00000
__size_of_idsn                                (abs)        00000
__size_of_is_nrfcomplete_high                 (abs)        00000
__size_of_is_tc_high                          (abs)        00000
__size_of_is_this_the_first_pwrup             (abs)        00000
__size_of_is_usb_plugged_in                   (abs)        00000
__size_of_let_nrf_update_eeprom               (abs)        00000
__size_of_main                                (abs)        00000
__size_of_memset                              (abs)        00000
__size_of_pic_init                            (abs)        00000
__size_of_pwm_init                            (abs)        00000
__size_of_reset_instruction_ptr               (abs)        00000
__size_of_reset_ubx_struct                    (abs)        00000
__size_of_send_am1805_read                    (abs)        00000
__size_of_send_am1805_write                   (abs)        00000
__size_of_send_eeprom_read                    (abs)        00000
__size_of_send_eeprom_write                   (abs)        00000
__size_of_set_led_duty                        (abs)        00000
__size_of_setup_fvrc                          (abs)        00000
__size_of_setup_interrupts                    (abs)        00000
__size_of_setup_io                            (abs)        00000
__size_of_sleep_start                         (abs)        00000
__size_of_sort_pvt_data_into_gps_struct       (abs)        00000
__size_of_sprintf                             (abs)        00000
__size_of_strcpy                              (abs)        00000
__size_of_timer0_init                         (abs)        00000
__size_of_uart_write                          (abs)        00000
__size_of_uart_write_string                   (abs)        00000
__size_of_ubx_send_and_recv                   (abs)        00000
__size_of_ubx_send_str                        (abs)        00000
__size_of_ubx_silence_nmea                    (abs)        00000
__size_of_update_gps_fix_data                 (abs)        00000
_adjusted_start                               text4        0084F
_am1805_are_we_asleep                         text52       00C2E
_am1805_initiate_ctdn_sleep                   text12       00A50
_am1805_sleep_error                           text51       00003
_am1805_start_ctdn_tmr                        text11       00B7C
_am1805_write_defaults                        text48       00B2F
_am1805_write_pgm_time                        text47       00D02
_am1805_write_to_addr                         text49       00A6D
_blink                                        text50       00901
_cti_instruction_loop                         text5        00744
_dpowers                                      stringtext   00082
_eeprom_page_write                            text45       00CC8
_eeprom_seq_read                              text2        00E57
_eeprom_single_read                           text38       00C00
_eeprom_single_write                          text44       00A8B
_eeprom_write_defaults                        text43       00D3F
_eeprom_write_gps_minimum                     text24       003FE
_eeprom_write_nrf52_sig_byte                  text35       00886
_error_blaster                                text62       00EA5
_eusart_init                                  text32       00890
_eval_ubx_buf_for_fix                         text23       008E7
_first_pwrup_calls                            text42       0087D
_get_pvt_str                                  text16       00BA6
_hard_lockup                                  text61       00FA5
_hard_lockup_uart                             text65       00F4E
_have_3d_fix                                  text18       00C5E
_i2c_gen_read                                 text60       0095A
_i2c_get_read_data                            text59       00876
_i2c_init                                     text31       0089A
_i2c_send_ack                                 text3        009D5
_i2c_send_nack                                text40       009C0
_i2c_start                                    text58       0096E
_i2c_stop                                     text57       00982
_i2c_wait_for_ack                             text56       00922
_i2c_write_data                               text55       009EA
_i3gnav                                       text13       0063E
_idsn                                         text7        005B9
_is_nrfcomplete_high                          text34       0085A
_is_tc_high                                   text41       00852
_is_this_the_first_pwrup                      text37       008B8
_is_usb_plugged_in                            text36       00856
_let_nrf_update_eeprom                        text33       00B53
_main                                         maintext     006C2
_memset                                       text22       00A01
_pic_init                                     text25       00AA9
_pwm_init                                     text30       00AC9
_reset_instruction_ptr                        text6        00911
_reset_ubx_struct                             text21       00947
_send_am1805_read                             text54       00996
_send_am1805_write                            text53       009AB
_send_eeprom_read                             text39       00864
_send_eeprom_write                            text46       0085E
_set_led_duty                                 text66       00EF8
_setup_fvrc                                   text29       008A4
_setup_interrupts                             text28       0086A
_setup_io                                     text27       008C3
_sleep_start                                  text1        00D7F
_sort_pvt_data_into_gps_struct                text15       002F7
_sprintf                                      text8        004EB
_strcpy                                       text67       00A1A
_timer0_init                                  text26       008AE
_tmr0_overflow                                bssCOMMON    0007A
_uart_write                                   text64       00934
_uart_write_string                            text63       00A34
_ubx_disable_gxgga                            dataBANK2    00131
_ubx_disable_gxgll                            dataBANK2    0013D
_ubx_disable_gxgsa                            dataBANK2    00149
_ubx_disable_gxgsv                            dataBANK2    00155
_ubx_disable_gxrmc                            dataBANK3    001AA
_ubx_disable_gxvtg                            dataBANK3    001B6
_ubx_poll_pvt                                 dataBANK2    00161
_ubx_poll_status                              dataBANK1    000E7
_ubx_send_and_recv                            text19       00DC5
_ubx_send_str                                 text20       00B0C
_ubx_silence_nmea                             text17       007BE
_update_gps_fix_data                          text14       00870
am1805_are_we_asleep@val                      cstackBANK0  00044
am1805_start_ctdn_tmr@amt_time                cstackBANK0  00048
am1805_write_to_addr@addr                     cstackBANK0  00043
am1805_write_to_addr@data                     cstackBANK0  00044
btemp                                         (abs)        0007E
clear_ram0                                    clrtext      008DB
cti_instruction_loop@high_n                   cstackBANK1  000DA
cti_instruction_loop@instruction              cstackBANK1  000D8
cti_instruction_loop@low_n                    cstackBANK1  000D9
cti_instruction_loop@n                        cstackBANK1  000D6
cti_instruction_loop@next_instruction_address cstackBANK1  000DB
eeprom_page_write@i                           cstackBANK0  00049
eeprom_page_write@len                         cstackBANK0  00044
eeprom_page_write@page                        cstackBANK0  00047
eeprom_page_write@page_data                   cstackBANK0  00043
eeprom_page_write@start_addr                  cstackBANK0  00048
eeprom_seq_read@i                             cstackBANK0  00048
eeprom_seq_read@len                           cstackBANK0  00044
eeprom_seq_read@return_data                   cstackBANK0  00043
eeprom_seq_read@start_addr                    cstackBANK0  00047
eeprom_single_read@addr                       cstackBANK0  00044
eeprom_single_read@ret                        cstackBANK0  00045
eeprom_single_write@addr                      cstackBANK0  00043
eeprom_single_write@data                      cstackBANK0  00044
eeprom_write_defaults@F3293                   dataBANK1    000E3
eeprom_write_defaults@F3295                   bssBANK1     000BF
eeprom_write_defaults@sleep_defaults          cstackBANK0  00054
eeprom_write_defaults@sp_defaults             cstackBANK0  0004C
eeprom_write_gps_minimum@gpspage1             cstackBANK0  0004C
eeprom_write_gps_minimum@gpspage2             cstackBANK0  00054
eeprom_write_gps_minimum@gpspage3             cstackBANK0  0005C
eeprom_write_gps_minimum@gpspage4             cstackBANK0  00064
eeprom_write_nrf52_sig_byte@sig_byte          cstackBANK0  00046
end_of_initialization                         cinit        0007E
error_blaster@err_num                         cstackBANK0  0003C
error_blaster@str                             cstackBANK0  00028
get_pvt_str@err_ctr                           cstackBANK0  00044
hard_lockup@err_num                           cstackBANK0  00041
hard_lockup@i                                 cstackBANK0  00040
hard_lockup_uart@i                            cstackCOMMON 00078
have_3d_fix@err_ctr                           cstackBANK0  00044
i2c_get_read_data@latest_byte                 cstackCOMMON 00074
i2c_write_data@data                           cstackBANK0  00042
idsn@debug                                    cstackBANK0  0004F
idsn@n                                        cstackBANK0  00049
idsn@quotient                                 cstackBANK0  00063
idsn@remainder                                cstackBANK0  00064
init_ram                                      inittext     008CF
int$flags                                     (abs)        0007E
intlevel0                                     functab      00000
intlevel1                                     functab      00000
intlevel2                                     functab      00000
intlevel3                                     functab      00000
intlevel4                                     functab      00000
intlevel5                                     functab      00000
ltemp                                         (abs)        0007E
ltemp0                                        (abs)        0007E
ltemp1                                        (abs)        00082
ltemp2                                        (abs)        00086
ltemp3                                        (abs)        00080
main@mode                                     cstackBANK2  0016A
memset@c                                      cstackCOMMON 00075
memset@n                                      cstackCOMMON 00077
memset@p                                      cstackBANK0  00020
memset@p1                                     cstackCOMMON 00073
reset_vec                                     reset_vec    00000
set_led_duty@color                            cstackCOMMON 00077
set_led_duty@duty                             cstackCOMMON 00073
sleep_start@F3275                             bssBANK1     000CD
sleep_start@sleep_vals                        cstackBANK1  000DC
sprintf@ap                                    cstackBANK0  00039
sprintf@c                                     cstackBANK0  0003F
sprintf@f                                     cstackBANK0  00027
sprintf@flag                                  cstackBANK0  0003A
sprintf@prec                                  cstackBANK0  0003B
sprintf@sp                                    cstackBANK0  0003E
sprintf@val                                   cstackBANK0  0003C
stackhi                                       (abs)        02388
stacklo                                       (abs)        02112
start                                         init         0003C
start_initialization                          cinit        0003E
strcpy@cp                                     cstackCOMMON 00076
strcpy@from                                   cstackCOMMON 00073
strcpy@to                                     cstackCOMMON 00077
ttemp                                         (abs)        0007E
ttemp0                                        (abs)        0007E
ttemp1                                        (abs)        00081
ttemp2                                        (abs)        00084
ttemp3                                        (abs)        00087
ttemp4                                        (abs)        0007F
uart_write@data                               cstackCOMMON 00079
uart_write_string@i                           cstackBANK0  00026
uart_write_string@str                         cstackBANK0  00023
ubx_send_and_recv@expected_len                cstackBANK0  0002A
ubx_send_and_recv@i                           cstackBANK0  0002D
ubx_send_and_recv@response_time               cstackBANK0  00029
ubx_send_and_recv@ubx_cmd                     cstackBANK0  00027
ubx_send_str@i                                cstackBANK0  00025
ubx_send_str@str                              cstackBANK0  00023
wtemp                                         (abs)        0007E
wtemp0                                        (abs)        0007E
wtemp1                                        (abs)        00080
wtemp2                                        (abs)        00082
wtemp3                                        (abs)        00084
wtemp4                                        (abs)        00086
wtemp5                                        (abs)        00088
wtemp6                                        (abs)        0007F


FUNCTION INFORMATION:

 *************** function _main *****************
 Defined at:
		line 68 in file "src/main.c"
 Parameters:    Size  Location     Type
		None
 Auto vars:     Size  Location     Type
  mode            1    0[BANK2 ] unsigned char 
 Return value:  Size  Location     Type
                  1    wreg      void 
 Registers used:
		wreg, fsr0l, fsr0h, fsr1l, fsr1h, status,2, status,0, pclath, cstack
 Tracked objects:
		On entry : 
		On exit  : 
		Unchanged: 
 Data sizes:     COMMON   BANK0   BANK1   BANK2   BANK3   BANK4   BANK5   BANK6   BANK7   BANK8   BANK9  BANK10  BANK11  BANK12
      Params:         0       0       0       0       0       0       0       0       0       0       0       0       0       0
      Locals:         0       0       0       1       0       0       0       0       0       0       0       0       0       0
[...]
 Hardware stack levels required when called:    7
 This function calls:
		_hard_lockup
 This function is called by:
		_am1805_write_to_addr
		_am1805_are_we_asleep
		_am1805_write_pgm_time
		_eeprom_single_write
		_eeprom_single_read
		_eeprom_page_write
		_eeprom_seq_read
		_am1805_print_register
		_am1805_update_pic_time
		_am1805_write_alarm_pgm_time
 This function uses a non-reentrant model


 *************** function _i2c_get_read_data *****************
 Defined at:
		line 46 in file "lib/i2c.c"
 Parameters:    Size  Location     Type
		None
 Auto vars:     Size  Location     Type
  latest_byte     1    4[COMMON] unsigned char 
 Return value:  Size  Location     Type
                  1    wreg      unsigned char 
 Registers used:
		wreg
 Tracked objects:
		On entry : 
		On exit  : 
		Unchanged: 
 Data sizes:     COMMON   BANK0   BANK1   BANK2   BANK3   BANK4   BANK5   BANK6   BANK7   BANK8   BANK9  BANK10  BANK11  BANK12
      Params:         0       0       0       0       0       0       0       0       0       0       0       0       0       0
      Locals:         1       0       0       0       0       0       0       0       0       0       0       0       0       0
      Temps:          1       0       0       0       0       0       0       0       0       0       0       0       0       0
      Totals:         2       0       0       0       0       0       0       0       0       0       0       0       0       0
Total ram usage:        2 bytes
 Hardware stack levels used:    1
 Hardware stack levels required when called:    1
 This function calls:
		Nothing
 This function is called by:
		_am1805_are_we_asleep
		_eeprom_single_read
		_eeprom_seq_read
		_am1805_print_register
		_am1805_update_pic_time
 This function uses a non-reentrant model


 *************** function _i2c_gen_read *****************
 Defined at:
		line 37 in file "lib/i2c.c"
 Parameters:    Size  Location     Type
		None
 Auto vars:     Size  Location     Type
		None
 Return value:  Size  Location     Type
                  1    wreg      void 
 Registers used:
		wreg, fsr0l, fsr0h, fsr1l, fsr1h, status,2, status,0, pclath, cstack
 Tracked objects:
		On entry : 
		On exit  : 
		Unchanged: 
 Data sizes:     COMMON   BANK0   BANK1   BANK2   BANK3   BANK4   BANK5   BANK6   BANK7   BANK8   BANK9  BANK10  BANK11  BANK12
      Params:         0       0       0       0       0       0       0       0       0       0       0       0       0       0
      Locals:         0       0       0       0       0       0       0       0       0       0       0       0       0       0
      Temps:          0       0       0       0       0       0       0       0       0       0       0       0       0       0
      Totals:         0       0       0       0       0       0       0       0       0       0       0       0       0       0
Total ram usage:        0 bytes
 Hardware stack levels used:    1
 Hardware stack levels required when called:    7
 This function calls:
		_hard_lockup
 This function is called by:
		_am1805_are_we_asleep
		_eeprom_single_read
		_eeprom_seq_read
		_am1805_print_register
		_am1805_update_pic_time
 This function uses a non-reentrant model


 *************** function _hard_lockup *****************
 Defined at:
		line 36 in file "lib/error.c"
 Parameters:    Size  Location     Type
  err_num         1    wreg     unsigned char 
 Auto vars:     Size  Location     Type
  err_num         1   33[BANK0 ] unsigned char 
  i               1   32[BANK0 ] unsigned char 
 Return value:  Size  Location     Type
                  1    wreg      void 
 Registers used:
		wreg, fsr0l, fsr0h, fsr1l, fsr1h, status,2, status,0, pclath, cstack
 Tracked objects:
		On entry : 
		On exit  : 
		Unchanged: 
 Data sizes:     COMMON   BANK0   BANK1   BANK2   BANK3   BANK4   BANK5   BANK6   BANK7   BANK8   BANK9  BANK10  BANK11  BANK12
      Params:         0       0       0       0       0       0       0       0       0       0       0       0       0       0
      Locals:         0       2       0       0       0       0       0       0       0       0       0       0       0       0
      Temps:          0       3       0       0       0       0       0       0       0       0       0       0       0       0
      Totals:         0       5       0       0       0       0       0       0       0       0       0       0       0       0
Total ram usage:        5 bytes
 Hardware stack levels used:    1
 Hardware stack levels required when called:    6
 This function calls:
		_error_blaster
		_set_led_duty
 This function is called by:
		_main
		_i2c_start
		_i2c_stop
		_i2c_wait_for_ack
		_i2c_gen_read
		_i2c_write_data
		_i2c_send_ack
		_i2c_send_nack
		_send_am1805_read
		_send_am1805_write
		_get_pvt_str
		_have_3d_fix
 This function uses a non-reentrant model


 *************** function _error_blaster *****************
 Defined at:
		line 10 in file "lib/error.c"
 Parameters:    Size  Location     Type
  err_num         1    wreg     unsigned char 
 Auto vars:     Size  Location     Type
  err_num         1   28[BANK0 ] unsigned char 
  str            20    8[BANK0 ] unsigned char [20]
 Return value:  Size  Location     Type
                  1    wreg      void 
 Registers used:
		wreg, fsr0l, fsr0h, fsr1l, fsr1h, status,2, status,0, pclath, cstack
 Tracked objects:
		On entry : 
		On exit  : 
		Unchanged: 
 Data sizes:     COMMON   BANK0   BANK1   BANK2   BANK3   BANK4   BANK5   BANK6   BANK7   BANK8   BANK9  BANK10  BANK11  BANK12
      Params:         0       0       0       0       0       0       0       0       0       0       0       0       0       0
      Locals:         0      21       0       0       0       0       0       0       0       0       0       0       0       0
      Temps:          0       0       0       0       0       0       0       0       0       0       0       0       0       0
      Totals:         0      21       0       0       0       0       0       0       0       0       0       0       0       0
Total ram usage:       21 bytes
 Hardware stack levels used:    1
 Hardware stack levels required when called:    5
 This function calls:
		_strcpy
		_uart_write_string
 This function is called by:
		_hard_lockup
 This function uses a non-reentrant model


 *************** function _uart_write_string *****************
 Defined at:
		line 23 in file "lib/eusart.c"
 Parameters:    Size  Location     Type
  str             2    3[BANK0 ] PTR const unsigned char 
		 -> STR_25(30), STR_24(34), STR_23(28), STR_22(30), 
		 -> STR_21(17), STR_20(24), idsn@debug(20), STR_18(39), 
		 -> STR_17(48), STR_16(19), STR_15(25), STR_14(31), 
		 -> STR_13(37), STR_12(25), STR_11(33), error_blaster@str(20), 
		 -> am1805_print_pic_time@pictime(30), STR_5(21), STR_4(21), STR_3(15), 
		 -> STR_2(14), STR_1(27), 
 Auto vars:     Size  Location     Type
  i               2    6[BANK0 ] int 
 Return value:  Size  Location     Type
                  1    wreg      void 
 Registers used:
		wreg, fsr0l, fsr0h, status,2, status,0, pclath, cstack
 Tracked objects:
		On entry : 
		On exit  : 
		Unchanged: 
 Data sizes:     COMMON   BANK0   BANK1   BANK2   BANK3   BANK4   BANK5   BANK6   BANK7   BANK8   BANK9  BANK10  BANK11  BANK12
      Params:         0       2       0       0       0       0       0       0       0       0       0       0       0       0
      Locals:         0       2       0       0       0       0       0       0       0       0       0       0       0       0
      Temps:          0       1       0       0       0       0       0       0       0       0       0       0       0       0
      Totals:         0       5       0       0       0       0       0       0       0       0       0       0       0       0
Total ram usage:        5 bytes
 Hardware stack levels used:    1
 Hardware stack levels required when called:    4
 This function calls:
		_uart_write
 This function is called by:
		_main
		_error_blaster
		_let_nrf_update_eeprom
		_reset_instruction_ptr
		_i3gnav
		_idsn
		_cti_instruction_loop
		_am1805_print_pic_time
 This function uses a non-reentrant model


 *************** function _uart_write *****************
 Defined at:
		line 14 in file "lib/eusart.c"
 Parameters:    Size  Location     Type
  data            1    wreg     unsigned char 
 Auto vars:     Size  Location     Type
  data            1    9[COMMON] unsigned char 
 Return value:  Size  Location     Type
                  1    wreg      void 
 Registers used:
		wreg, fsr0l, fsr0h, status,2, status,0, pclath, cstack
 Tracked objects:
		On entry : 
		On exit  : 
		Unchanged: 
 Data sizes:     COMMON   BANK0   BANK1   BANK2   BANK3   BANK4   BANK5   BANK6   BANK7   BANK8   BANK9  BANK10  BANK11  BANK12
      Params:         0       0       0       0       0       0       0       0       0       0       0       0       0       0
      Locals:         1       0       0       0       0       0       0       0       0       0       0       0       0       0
      Temps:          0       0       0       0       0       0       0       0       0       0       0       0       0       0
      Totals:         1       0       0       0       0       0       0       0       0       0       0       0       0       0
Total ram usage:        1 bytes
 Hardware stack levels used:    1
 Hardware stack levels required when called:    3
 This function calls:
		_hard_lockup_uart
 This function is called by:
		_uart_write_string
		_ubx_send_str
		_am1805_print_register
 This function uses a non-reentrant model


 *************** function _hard_lockup_uart *****************
 Defined at:
		line 57 in file "lib/error.c"
 Parameters:    Size  Location     Type
		None
 Auto vars:     Size  Location     Type
  i               1    8[COMMON] unsigned char 
 Return value:  Size  Location     Type
                  1    wreg      void 
 Registers used:
		wreg, fsr0l, fsr0h, status,2, status,0, pclath, cstack
 Tracked objects:
		On entry : 
		On exit  : 
		Unchanged: 
 Data sizes:     COMMON   BANK0   BANK1   BANK2   BANK3   BANK4   BANK5   BANK6   BANK7   BANK8   BANK9  BANK10  BANK11  BANK12
      Params:         0       0       0       0       0       0       0       0       0       0       0       0       0       0
      Locals:         1       0       0       0       0       0       0       0       0       0       0       0       0       0
      Temps:          0       3       0       0       0       0       0       0       0       0       0       0       0       0
      Totals:         1       3       0       0       0       0       0       0       0       0       0       0       0       0
Total ram usage:        4 bytes
 Hardware stack levels used:    1
 Hardware stack levels required when called:    2
 This function calls:
		_set_led_duty
 This function is called by:
		_uart_write
 This function uses a non-reentrant model


 *************** function _set_led_duty *****************
 Defined at:
		line 96 in file "lib/io.c"
 Parameters:    Size  Location     Type
  color           1    wreg     unsigned char 
  duty            2    3[COMMON] unsigned int 
 Auto vars:     Size  Location     Type
  color           1    7[COMMON] unsigned char 
 Return value:  Size  Location     Type
                  1    wreg      void 
 Registers used:
		wreg, fsr0l, fsr0h, status,2, status,0
 Tracked objects:
		On entry : 
		On exit  : 
		Unchanged: 
 Data sizes:     COMMON   BANK0   BANK1   BANK2   BANK3   BANK4   BANK5   BANK6   BANK7   BANK8   BANK9  BANK10  BANK11  BANK12
      Params:         2       0       0       0       0       0       0       0       0       0       0       0       0       0
      Locals:         1       0       0       0       0       0       0       0       0       0       0       0       0       0
      Temps:          2       0       0       0       0       0       0       0       0       0       0       0       0       0
      Totals:         5       0       0       0       0       0       0       0       0       0       0       0       0       0
Total ram usage:        5 bytes
 Hardware stack levels used:    1
 Hardware stack levels required when called:    1
 This function calls:
		Nothing
 This function is called by:
		_hard_lockup
		_hard_lockup_uart
		_pwm_init
 This function uses a non-reentrant model


 *************** function _strcpy *****************
 Defined at:
		line 8 in file "/opt/microchip/xc8/v1.36/sources/common/strcpy.c"
 Parameters:    Size  Location     Type
  to              1    wreg     PTR unsigned char 
		 -> error_blaster@str(20), 
  from            2    3[COMMON] PTR const unsigned char 
		 -> STR_10(20), STR_9(17), STR_8(15), STR_7(16), 
 Auto vars:     Size  Location     Type
  to              1    7[COMMON] PTR unsigned char 
		 -> error_blaster@str(20), 
  cp              1    6[COMMON] PTR unsigned char 
		 -> error_blaster@str(20), 
 Return value:  Size  Location     Type
                  1    wreg      PTR unsigned char 
 Registers used:
		wreg, fsr0l, fsr0h, fsr1l, fsr1h, status,2, status,0, pclath
 Tracked objects:
		On entry : 
		On exit  : 
		Unchanged: 
 Data sizes:     COMMON   BANK0   BANK1   BANK2   BANK3   BANK4   BANK5   BANK6   BANK7   BANK8   BANK9  BANK10  BANK11  BANK12
      Params:         2       0       0       0       0       0       0       0       0       0       0       0       0       0
      Locals:         2       0       0       0       0       0       0       0       0       0       0       0       0       0
      Temps:          1       0       0       0       0       0       0       0       0       0       0       0       0       0
      Totals:         5       0       0       0       0       0       0       0       0       0       0       0       0       0
Total ram usage:        5 bytes
 Hardware stack levels used:    1
 Hardware stack levels required when called:    1
 This function calls:
		Nothing
 This function is called by:
		_error_blaster
 This function uses a non-reentrant model


 *************** function _ISR *****************
 Defined at:
		line 54 in file "src/main.c"
 Parameters:    Size  Location     Type
		None
 Auto vars:     Size  Location     Type
		None
 Return value:  Size  Location     Type
                  1    wreg      void 
 Registers used:
		wreg, fsr1l, fsr1h, status,2, status,0
 Tracked objects:
		On entry : 
		On exit  : 
		Unchanged: 
 Data sizes:     COMMON   BANK0   BANK1   BANK2   BANK3   BANK4   BANK5   BANK6   BANK7   BANK8   BANK9  BANK10  BANK11  BANK12
      Params:         0       0       0       0       0       0       0       0       0       0       0       0       0       0
      Locals:         0       0       0       0       0       0       0       0       0       0       0       0       0       0
      Temps:          3       0       0       0       0       0       0       0       0       0       0       0       0       0
      Totals:         3       0       0       0       0       0       0       0       0       0       0       0       0       0
Total ram usage:        3 bytes
 Hardware stack levels used:    1
 This function calls:
		Nothing
 This function is called by:
		Interrupt level 1
 This function uses a non-reentrant model



MODULE INFORMATION

Module		Function		Class		Link	Load	Size
lib/am1805.c
		_am1805_sleep_error		CODE           	0003	0000	2
		_am1805_write_pgm_time		CODE           	0D02	0000	62
		_am1805_write_defaults		CODE           	0B2F	0000	37
		_am1805_start_ctdn_tmr		CODE           	0B7C	0000	43
		_send_am1805_read		CODE           	0996	0000	22
		_am1805_write_to_addr		CODE           	0A6D	0000	31
		_am1805_are_we_asleep		CODE           	0C2E	0000	49
		_send_am1805_write		CODE           	09AB	0000	22
		_am1805_initiate_ctdn_sleep		CODE           	0A50	0000	30

lib/am1805.c estimated size: 298

lib/eusart.c
		_uart_write    		CODE           	0934	0000	20
		_uart_write_string		CODE           	0A34	0000	29

lib/eusart.c estimated size: 49

lib/io.c
		_pic_init      		CODE           	0AA9	0000	33
		_timer0_init   		CODE           	08AE	0000	11
		_setup_fvrc    		CODE           	08A4	0000	11
		_setup_io      		CODE           	08C3	0000	13
		_blink         		CODE           	0901	0000	17
		_pwm_init      		CODE           	0AC9	0000	34
		_set_led_duty  		CODE           	0EF8	0000	87
		_i2c_init      		CODE           	089A	0000	11
		_eusart_init   		CODE           	0890	0000	11
		_is_nrfcomplete_high		CODE           	085A	0000	5
		_is_usb_plugged_in		CODE           	0856	0000	5
		_setup_interrupts		CODE           	086A	0000	7
		_is_tc_high    		CODE           	0852	0000	5

lib/io.c estimated size: 250

sys/cti.c
		_cti_instruction_loop		CODE           	0744	0000	123
		_i3gnav        		CODE           	063E	0000	133
		_idsn          		CODE           	05B9	0000	134

sys/cti.c estimated size: 390

src/main.c
		_ISR           		CODE           	0004	0000	57
		_main          		CODE           	06C2	0000	131

src/main.c estimated size: 188

/opt/microchip/xc8/v1.36/sources/common/lwmod.c
		___lwmod       		CODE           	0BD3	0000	46

/opt/microchip/xc8/v1.36/sources/common/lwmod.c estimated size: 46

shared
		_dpowers       		STRCODE        	0082	0000	11
		__initialization		CODE           	003E	0000	65

shared estimated size: 76

ubx/ubxcmd.c
		_ubx_send_str  		CODE           	0B0C	0000	36
		_ubx_silence_nmea		CODE           	07BE	0000	67
		_get_pvt_str   		CODE           	0BA6	0000	46
		_update_gps_fix_data		CODE           	0870	0000	7
		_ubx_send_and_recv		CODE           	0DC5	0000	73
		_eval_ubx_buf_for_fix		CODE           	08E7	0000	14
		_reset_ubx_struct		CODE           	0947	0000	20
		_sort_pvt_data_into_gps_struct		CODE           	02F7	0000	264
		_have_3d_fix   		CODE           	0C5E	0000	54

ubx/ubxcmd.c estimated size: 581

lib/error.c
		_hard_lockup   		CODE           	0FA5	0000	92
		_hard_lockup_uart		CODE           	0F4E	0000	88
		_error_blaster 		CODE           	0EA5	0000	84

lib/error.c estimated size: 264

lib/eeprom.c
		_eeprom_single_write		CODE           	0A8B	0000	31
		_eeprom_page_write		CODE           	0CC8	0000	59
		_eeprom_single_read		CODE           	0C00	0000	47
		_eeprom_seq_read		CODE           	0E57	0000	79
		_send_eeprom_read		CODE           	0864	0000	7
		_eeprom_write_gps_minimum		CODE           	03FE	0000	238
		_eeprom_write_nrf52_sig_byte		CODE           	0886	0000	11
		_send_eeprom_write		CODE           	085E	0000	7
		_eeprom_write_defaults		CODE           	0D3F	0000	65

lib/eeprom.c estimated size: 544

/opt/microchip/xc8/v1.36/sources/common/strcpy.c
		_strcpy        		CODE           	0A1A	0000	27

/opt/microchip/xc8/v1.36/sources/common/strcpy.c estimated size: 27

sys/ichex.c
		_is_this_the_first_pwrup		CODE           	08B8	0000	12

sys/ichex.c estimated size: 12

/opt/microchip/xc8/v1.36/sources/common/memset.c
		_memset        		CODE           	0A01	0000	26

/opt/microchip/xc8/v1.36/sources/common/memset.c estimated size: 26

lib/i2c.c
		_i2c_send_nack 		CODE           	09C0	0000	22
		_i2c_start     		CODE           	096E	0000	21
		_i2c_get_read_data		CODE           	0876	0000	8
		_i2c_stop      		CODE           	0982	0000	21
		_i2c_wait_for_ack		CODE           	0922	0000	19
		_i2c_write_data		CODE           	09EA	0000	24
		_i2c_gen_read  		CODE           	095A	0000	21
		_i2c_send_ack  		CODE           	09D5	0000	22

lib/i2c.c estimated size: 158

/opt/microchip/xc8/v1.36/sources/common/doprnt.c
		_sprintf       		CODE           	04EB	0000	207

/opt/microchip/xc8/v1.36/sources/common/doprnt.c estimated size: 207

sys/brex.c
		_first_pwrup_calls		CODE           	087D	0000	10
		_adjusted_start		CODE           	084F	0000	4
		_let_nrf_update_eeprom		CODE           	0B53	0000	42
		_sleep_start   		CODE           	0D7F	0000	71
		_reset_instruction_ptr		CODE           	0911	0000	18

sys/brex.c estimated size: 145

/opt/microchip/xc8/v1.36/sources/common/lwdiv.c
		___lwdiv       		CODE           	0C93	0000	54

/opt/microchip/xc8/v1.36/sources/common/lwdiv.c estimated size: 54

